// Jest Snapshot v1, https://goo.gl/fbAQLP

exports[`App should render correctly 1`] = `
<ul
  style={
    Object {
      "listStyleType": "none",
      "padding": 0,
    }
  }
>
  <li>
    <Link
      replace={false}
      to="/"
    >
      home
    </Link>
  </li>
  <li>
    <Link
      replace={false}
      to="/graph"
    >
      graph
    </Link>
  </li>
  <li>
    <Link
      replace={false}
      to="/history"
    >
      history
    </Link>
  </li>
</ul>
`;
